Archive member included because of file (symbol)

c:/winavr-20100110/bin/../lib/gcc/avr/4.3.3/avr5\libgcc.a(_exit.o)
                              c:/winavr-20100110/bin/../lib/gcc/avr/4.3.3/../../../../avr/lib/avr5/crtm168.o (exit)
c:/winavr-20100110/bin/../lib/gcc/avr/4.3.3/avr5\libgcc.a(_copy_data.o)
                              fanbus.o (__do_copy_data)
c:/winavr-20100110/bin/../lib/gcc/avr/4.3.3/avr5\libgcc.a(_clear_bss.o)
                              rgb.o (__do_clear_bss)
c:/winavr-20100110/bin/../lib/gcc/avr/4.3.3/../../../../avr/lib/avr5\libc.a(eerd_byte_atmega168.o)
                              RGB_Fan_Controller_168.o (__eerd_byte_m168)
c:/winavr-20100110/bin/../lib/gcc/avr/4.3.3/../../../../avr/lib/avr5\libc.a(eewr_byte_atmega168.o)
                              RGB_Fan_Controller_168.o (__eewr_byte_m168)

Allocating common symbols
Common symbol       size              file

save_fanspeed       0x1               save.o
fanbus_serial_buffer
                    0x5               fanbus.o
compbuff            0xc               rgb.o
save_compbuff       0xc               save.o
fanbus_register_buffer
                    0x40              fanbus.o
compare             0xc               rgb.o

Memory Configuration

Name             Origin             Length             Attributes
text             0x00000000         0x00020000         xr
data             0x00800060         0x0000ffa0         rw !x
eeprom           0x00810000         0x00010000         rw !x
fuse             0x00820000         0x00000400         rw !x
lock             0x00830000         0x00000400         rw !x
signature        0x00840000         0x00000400         rw !x
*default*        0x00000000         0xffffffff

Linker script and memory map

Address of section .data set to 0x800100
LOAD c:/winavr-20100110/bin/../lib/gcc/avr/4.3.3/../../../../avr/lib/avr5/crtm168.o
LOAD RGB_Fan_Controller_168.o
LOAD rgb.o
LOAD fan.o
LOAD save.o
LOAD fanbus.o
LOAD c:/winavr-20100110/bin/../lib/gcc/avr/4.3.3/avr5\libgcc.a
LOAD c:/winavr-20100110/bin/../lib/gcc/avr/4.3.3/../../../../avr/lib/avr5\libc.a
LOAD c:/winavr-20100110/bin/../lib/gcc/avr/4.3.3/avr5\libgcc.a

.hash
 *(.hash)

.dynsym
 *(.dynsym)

.dynstr
 *(.dynstr)

.gnu.version
 *(.gnu.version)

.gnu.version_d
 *(.gnu.version_d)

.gnu.version_r
 *(.gnu.version_r)

.rel.init
 *(.rel.init)

.rela.init
 *(.rela.init)

.rel.text
 *(.rel.text)
 *(.rel.text.*)
 *(.rel.gnu.linkonce.t*)

.rela.text
 *(.rela.text)
 *(.rela.text.*)
 *(.rela.gnu.linkonce.t*)

.rel.fini
 *(.rel.fini)

.rela.fini
 *(.rela.fini)

.rel.rodata
 *(.rel.rodata)
 *(.rel.rodata.*)
 *(.rel.gnu.linkonce.r*)

.rela.rodata
 *(.rela.rodata)
 *(.rela.rodata.*)
 *(.rela.gnu.linkonce.r*)

.rel.data
 *(.rel.data)
 *(.rel.data.*)
 *(.rel.gnu.linkonce.d*)

.rela.data
 *(.rela.data)
 *(.rela.data.*)
 *(.rela.gnu.linkonce.d*)

.rel.ctors
 *(.rel.ctors)

.rela.ctors
 *(.rela.ctors)

.rel.dtors
 *(.rel.dtors)

.rela.dtors
 *(.rela.dtors)

.rel.got
 *(.rel.got)

.rela.got
 *(.rela.got)

.rel.bss
 *(.rel.bss)

.rela.bss
 *(.rela.bss)

.rel.plt
 *(.rel.plt)

.rela.plt
 *(.rela.plt)

.text           0x00000000      0x6a2
 *(.vectors)
 .vectors       0x00000000       0x68 c:/winavr-20100110/bin/../lib/gcc/avr/4.3.3/../../../../avr/lib/avr5/crtm168.o
                0x00000000                __vectors
                0x00000000                __vector_default
 *(.vectors)
 *(.progmem.gcc*)
 *(.progmem*)
                0x00000068                . = ALIGN (0x2)
                0x00000068                __trampolines_start = .
 *(.trampolines)
 .trampolines   0x00000068        0x0 linker stubs
 *(.trampolines*)
                0x00000068                __trampolines_end = .
 *(.jumptables)
 *(.jumptables*)
 *(.lowtext)
 *(.lowtext*)
                0x00000068                __ctors_start = .
 *(.ctors)
                0x00000068                __ctors_end = .
                0x00000068                __dtors_start = .
 *(.dtors)
                0x00000068                __dtors_end = .
 SORT(*)(.ctors)
 SORT(*)(.dtors)
 *(.init0)
 .init0         0x00000068        0x0 c:/winavr-20100110/bin/../lib/gcc/avr/4.3.3/../../../../avr/lib/avr5/crtm168.o
                0x00000068                __init
 *(.init0)
 *(.init1)
 *(.init1)
 *(.init2)
 .init2         0x00000068        0xc c:/winavr-20100110/bin/../lib/gcc/avr/4.3.3/../../../../avr/lib/avr5/crtm168.o
 *(.init2)
 *(.init3)
 *(.init3)
 *(.init4)
 .init4         0x00000074       0x16 c:/winavr-20100110/bin/../lib/gcc/avr/4.3.3/avr5\libgcc.a(_copy_data.o)
                0x00000074                __do_copy_data
 .init4         0x0000008a       0x10 c:/winavr-20100110/bin/../lib/gcc/avr/4.3.3/avr5\libgcc.a(_clear_bss.o)
                0x0000008a                __do_clear_bss
 *(.init4)
 *(.init5)
 *(.init5)
 *(.init6)
 *(.init6)
 *(.init7)
 *(.init7)
 *(.init8)
 *(.init8)
 *(.init9)
 .init9         0x0000009a        0x8 c:/winavr-20100110/bin/../lib/gcc/avr/4.3.3/../../../../avr/lib/avr5/crtm168.o
 *(.init9)
 *(.text)
 .text          0x000000a2        0x4 c:/winavr-20100110/bin/../lib/gcc/avr/4.3.3/../../../../avr/lib/avr5/crtm168.o
                0x000000a2                __vector_22
                0x000000a2                __vector_1
                0x000000a2                __vector_24
                0x000000a2                __vector_12
                0x000000a2                __bad_interrupt
                0x000000a2                __vector_3
                0x000000a2                __vector_23
                0x000000a2                __vector_25
                0x000000a2                __vector_11
                0x000000a2                __vector_13
                0x000000a2                __vector_17
                0x000000a2                __vector_19
                0x000000a2                __vector_7
                0x000000a2                __vector_5
                0x000000a2                __vector_4
                0x000000a2                __vector_9
                0x000000a2                __vector_2
                0x000000a2                __vector_21
                0x000000a2                __vector_15
                0x000000a2                __vector_8
                0x000000a2                __vector_14
                0x000000a2                __vector_10
                0x000000a2                __vector_20
 .text          0x000000a6      0x180 RGB_Fan_Controller_168.o
                0x000000a6                main
 .text          0x00000226      0x1e4 rgb.o
                0x00000226                setupLEDs
                0x0000025a                __vector_16
 .text          0x0000040a       0xc4 fan.o
                0x00000436                getFanRPMPointer
                0x00000424                getFanSpeed
                0x00000472                __vector_6
                0x00000430                getFanSpeedPointer
                0x0000042a                setFanSpeed
                0x0000043c                setupFanRPMCount
                0x00000468                fanRPM
                0x0000040a                setupFan
 .text          0x000004ce       0xb2 save.o
                0x000004fc                readEeprom
                0x0000052c                startUp
                0x000004ce                restoreState
                0x00000542                saveState
 .text          0x00000580       0xf2 fanbus.o
                0x00000638                fanbus_init
                0x00000662                fanbus_transmit
                0x00000580                __vector_18
 .text          0x00000672        0x0 c:/winavr-20100110/bin/../lib/gcc/avr/4.3.3/avr5\libgcc.a(_exit.o)
 .text          0x00000672        0x0 c:/winavr-20100110/bin/../lib/gcc/avr/4.3.3/avr5\libgcc.a(_copy_data.o)
 .text          0x00000672        0x0 c:/winavr-20100110/bin/../lib/gcc/avr/4.3.3/avr5\libgcc.a(_clear_bss.o)
 .text          0x00000672        0x0 c:/winavr-20100110/bin/../lib/gcc/avr/4.3.3/../../../../avr/lib/avr5\libc.a(eerd_byte_atmega168.o)
 .text          0x00000672        0x0 c:/winavr-20100110/bin/../lib/gcc/avr/4.3.3/../../../../avr/lib/avr5\libc.a(eewr_byte_atmega168.o)
                0x00000672                . = ALIGN (0x2)
 *(.text.*)
 .text.libgcc   0x00000672        0x0 c:/winavr-20100110/bin/../lib/gcc/avr/4.3.3/avr5\libgcc.a(_exit.o)
 .text.libgcc   0x00000672        0x0 c:/winavr-20100110/bin/../lib/gcc/avr/4.3.3/avr5\libgcc.a(_copy_data.o)
 .text.libgcc   0x00000672        0x0 c:/winavr-20100110/bin/../lib/gcc/avr/4.3.3/avr5\libgcc.a(_clear_bss.o)
 .text.avr-libc
                0x00000672       0x10 c:/winavr-20100110/bin/../lib/gcc/avr/4.3.3/../../../../avr/lib/avr5\libc.a(eerd_byte_atmega168.o)
                0x00000672                __eerd_byte_m168
 .text.avr-libc
                0x00000682       0x1c c:/winavr-20100110/bin/../lib/gcc/avr/4.3.3/../../../../avr/lib/avr5\libc.a(eewr_byte_atmega168.o)
                0x00000684                __eewr_r18_m168
                0x00000682                __eewr_byte_m168
                0x0000069e                . = ALIGN (0x2)
 *(.fini9)
 .fini9         0x0000069e        0x0 c:/winavr-20100110/bin/../lib/gcc/avr/4.3.3/avr5\libgcc.a(_exit.o)
                0x0000069e                exit
                0x0000069e                _exit
 *(.fini9)
 *(.fini8)
 *(.fini8)
 *(.fini7)
 *(.fini7)
 *(.fini6)
 *(.fini6)
 *(.fini5)
 *(.fini5)
 *(.fini4)
 *(.fini4)
 *(.fini3)
 *(.fini3)
 *(.fini2)
 *(.fini2)
 *(.fini1)
 *(.fini1)
 *(.fini0)
 .fini0         0x0000069e        0x4 c:/winavr-20100110/bin/../lib/gcc/avr/4.3.3/avr5\libgcc.a(_exit.o)
 *(.fini0)
                0x000006a2                _etext = .

.data           0x00800100        0x2 load address 0x000006a2
                0x00800100                PROVIDE (__data_start, .)
 *(.data)
 .data          0x00800100        0x0 c:/winavr-20100110/bin/../lib/gcc/avr/4.3.3/../../../../avr/lib/avr5/crtm168.o
 .data          0x00800100        0x0 RGB_Fan_Controller_168.o
 .data          0x00800100        0x0 rgb.o
 .data          0x00800100        0x0 fan.o
 .data          0x00800100        0x0 save.o
 .data          0x00800100        0x1 fanbus.o
                0x00800100                fanbus_address
 .data          0x00800101        0x0 c:/winavr-20100110/bin/../lib/gcc/avr/4.3.3/avr5\libgcc.a(_exit.o)
 .data          0x00800101        0x0 c:/winavr-20100110/bin/../lib/gcc/avr/4.3.3/avr5\libgcc.a(_copy_data.o)
 .data          0x00800101        0x0 c:/winavr-20100110/bin/../lib/gcc/avr/4.3.3/avr5\libgcc.a(_clear_bss.o)
 .data          0x00800101        0x0 c:/winavr-20100110/bin/../lib/gcc/avr/4.3.3/../../../../avr/lib/avr5\libc.a(eerd_byte_atmega168.o)
 .data          0x00800101        0x0 c:/winavr-20100110/bin/../lib/gcc/avr/4.3.3/../../../../avr/lib/avr5\libc.a(eewr_byte_atmega168.o)
 *(.data*)
 *(.rodata)
 *(.rodata*)
 *(.gnu.linkonce.d*)
                0x00800102                . = ALIGN (0x2)
 *fill*         0x00800101        0x1 00
                0x00800102                _edata = .
                0x00800102                PROVIDE (__data_end, .)

.bss            0x00800102       0x71
                0x00800102                PROVIDE (__bss_start, .)
 *(.bss)
 .bss           0x00800102        0x0 c:/winavr-20100110/bin/../lib/gcc/avr/4.3.3/../../../../avr/lib/avr5/crtm168.o
 .bss           0x00800102        0x0 RGB_Fan_Controller_168.o
 .bss           0x00800102        0x4 rgb.o
                0x00800102                softcount
                0x00800103                pinlevelB
                0x00800104                pinlevelC
                0x00800105                update
 .bss           0x00800106        0x2 fan.o
                0x00800106                FanRPM
 .bss           0x00800108        0x0 save.o
 .bss           0x00800108        0x1 fanbus.o
                0x00800108                fanbus_dummy
 .bss           0x00800109        0x0 c:/winavr-20100110/bin/../lib/gcc/avr/4.3.3/avr5\libgcc.a(_exit.o)
 .bss           0x00800109        0x0 c:/winavr-20100110/bin/../lib/gcc/avr/4.3.3/avr5\libgcc.a(_copy_data.o)
 .bss           0x00800109        0x0 c:/winavr-20100110/bin/../lib/gcc/avr/4.3.3/avr5\libgcc.a(_clear_bss.o)
 .bss           0x00800109        0x0 c:/winavr-20100110/bin/../lib/gcc/avr/4.3.3/../../../../avr/lib/avr5\libc.a(eerd_byte_atmega168.o)
 .bss           0x00800109        0x0 c:/winavr-20100110/bin/../lib/gcc/avr/4.3.3/../../../../avr/lib/avr5\libc.a(eewr_byte_atmega168.o)
 *(.bss*)
 *(COMMON)
 COMMON         0x00800109       0x18 rgb.o
                0x00800109                compbuff
                0x00800115                compare
 COMMON         0x00800121        0xd save.o
                0x00800121                save_fanspeed
                0x00800122                save_compbuff
 COMMON         0x0080012e       0x45 fanbus.o
                0x0080012e                fanbus_serial_buffer
                0x00800133                fanbus_register_buffer
                0x00800173                PROVIDE (__bss_end, .)
                0x000006a2                __data_load_start = LOADADDR (.data)
                0x000006a4                __data_load_end = (__data_load_start + SIZEOF (.data))

.noinit         0x00800173        0x0
                0x00800173                PROVIDE (__noinit_start, .)
 *(.noinit*)
                0x00800173                PROVIDE (__noinit_end, .)
                0x00800173                _end = .
                0x00800173                PROVIDE (__heap_start, .)

.eeprom         0x00810000        0x0
 *(.eeprom*)
                0x00810000                __eeprom_end = .

.fuse
 *(.fuse)
 *(.lfuse)
 *(.hfuse)
 *(.efuse)

.lock
 *(.lock*)

.signature
 *(.signature*)

.stab
 *(.stab)

.stabstr
 *(.stabstr)

.stab.excl
 *(.stab.excl)

.stab.exclstr
 *(.stab.exclstr)

.stab.index
 *(.stab.index)

.stab.indexstr
 *(.stab.indexstr)

.comment
 *(.comment)

.debug
 *(.debug)

.line
 *(.line)

.debug_srcinfo
 *(.debug_srcinfo)

.debug_sfnames
 *(.debug_sfnames)

.debug_aranges  0x00000000       0xa0
 *(.debug_aranges)
 .debug_aranges
                0x00000000       0x20 RGB_Fan_Controller_168.o
 .debug_aranges
                0x00000020       0x20 rgb.o
 .debug_aranges
                0x00000040       0x20 fan.o
 .debug_aranges
                0x00000060       0x20 save.o
 .debug_aranges
                0x00000080       0x20 fanbus.o

.debug_pubnames
                0x00000000      0x24c
 *(.debug_pubnames)
 .debug_pubnames
                0x00000000       0x1b RGB_Fan_Controller_168.o
 .debug_pubnames
                0x0000001b       0x7e rgb.o
 .debug_pubnames
                0x00000099       0xa5 fan.o
 .debug_pubnames
                0x0000013e       0x70 save.o
 .debug_pubnames
                0x000001ae       0x9e fanbus.o

.debug_info     0x00000000      0x7c9
 *(.debug_info)
 .debug_info    0x00000000      0x19c RGB_Fan_Controller_168.o
 .debug_info    0x0000019c      0x123 rgb.o
 .debug_info    0x000002bf      0x13f fan.o
 .debug_info    0x000003fe      0x25b save.o
 .debug_info    0x00000659      0x170 fanbus.o
 *(.gnu.linkonce.wi.*)

.debug_abbrev   0x00000000      0x422
 *(.debug_abbrev)
 .debug_abbrev  0x00000000       0xfb RGB_Fan_Controller_168.o
 .debug_abbrev  0x000000fb       0x96 rgb.o
 .debug_abbrev  0x00000191       0xa7 fan.o
 .debug_abbrev  0x00000238      0x101 save.o
 .debug_abbrev  0x00000339       0xe9 fanbus.o

.debug_line     0x00000000      0x8bf
 *(.debug_line)
 .debug_line    0x00000000      0x286 RGB_Fan_Controller_168.o
 .debug_line    0x00000286      0x21c rgb.o
 .debug_line    0x000004a2      0x142 fan.o
 .debug_line    0x000005e4      0x1b4 save.o
 .debug_line    0x00000798      0x127 fanbus.o

.debug_frame    0x00000000      0x170
 *(.debug_frame)
 .debug_frame   0x00000000       0x20 RGB_Fan_Controller_168.o
 .debug_frame   0x00000020       0x30 rgb.o
 .debug_frame   0x00000050       0x90 fan.o
 .debug_frame   0x000000e0       0x50 save.o
 .debug_frame   0x00000130       0x40 fanbus.o

.debug_str      0x00000000      0x2e5
 *(.debug_str)
 .debug_str     0x00000000      0x153 RGB_Fan_Controller_168.o
                                0x1a4 (size before relaxing)
 .debug_str     0x00000153       0x45 rgb.o
                                0x13f (size before relaxing)
 .debug_str     0x00000198       0x78 fan.o
                                0x168 (size before relaxing)
 .debug_str     0x00000210       0x75 save.o
                                0x1b2 (size before relaxing)
 .debug_str     0x00000285       0x60 fanbus.o
                                0x16b (size before relaxing)

.debug_loc      0x00000000      0x12d
 *(.debug_loc)
 .debug_loc     0x00000000       0xe4 RGB_Fan_Controller_168.o
 .debug_loc     0x000000e4       0x13 save.o
 .debug_loc     0x000000f7       0x36 fanbus.o

.debug_macinfo
 *(.debug_macinfo)
OUTPUT(RGB_Fan_Controller_168.elf elf32-avr)
LOAD linker stubs

.debug_ranges   0x00000000       0x48
 .debug_ranges  0x00000000       0x48 RGB_Fan_Controller_168.o
